180.76.6.227 - - [27/Feb/2013:00:04:53 -0500] "GET /map/36 HTTP/1.1" 200 4698 ecomaplive.com "-" "Mozilla/5.0 (compatible; Baiduspider/2.0; +http://www.baidu.com/search/spider.html)" "-"
66.249.73.217 - - [27/Feb/2013:00:43:05 -0500] "GET /robots.txt HTTP/1.1" 200 3161 citisenseproject.org "-" "Mozilla/5.0 (compatible; Googlebot/2.1; +http://www.google.com/bot.html)" "-"
66.249.73.217 - - [27/Feb/2013:00:43:06 -0500] "GET / HTTP/1.1" 200 3161 citisenseproject.org "-" "Mozilla/5.0 (compatible; Googlebot/2.1; +http://www.google.com/bot.html)" "-"
66.249.73.66 - - [27/Feb/2013:00:46:22 -0500] "GET /robots.txt HTTP/1.1" 200 3107 www.ecomaplive.com "-" "Mozilla/5.0 (compatible; Googlebot/2.1; +http://www.google.com/bot.html)" "-"
66.249.73.66 - - [27/Feb/2013:00:46:23 -0500] "GET / HTTP/1.1" 200 3107 www.ecomaplive.com "-" "Mozilla/5.0 (iPhone; U; CPU iPhone OS 4_1 like Mac OS X; en-us) AppleWebKit/532.9 (KHTML, like Gecko) Version/4.0.5 Mobile/8B117 Safari/6531.22.7 (compatible; Googlebot-Mobile/2.1; +http://www.google.com/bot.html)" "-"
66.249.73.66 - - [27/Feb/2013:00:55:28 -0500] "GET /images/ecostyle.css HTTP/1.1" 200 4621 www.ecomaplive.com "-" "Mozilla/5.0 (compatible; Googlebot/2.1; +http://www.google.com/bot.html)" "-"
208.115.111.72 - - [27/Feb/2013:01:04:32 -0500] "GET /resources HTTP/1.1" 301 240 ecomaplive.com "-" "Mozilla/5.0 (compatible; Ezooms/1.0; ezooms.bot@gmail.com)" "-"
157.55.35.38 - - [27/Feb/2013:01:24:52 -0500] "GET /robots.txt HTTP/1.1" 200 2999 ecomaplive.com "-" "Mozilla/5.0 (compatible; bingbot/2.0; +http://www.bing.com/bingbot.htm)" "-"
157.55.35.38 - - [27/Feb/2013:01:26:29 -0500] "GET / HTTP/1.1" 200 2999 ecomaplive.com "-" "Mozilla/5.0 (compatible; bingbot/2.0; +http://www.bing.com/bingbot.htm)" "-"
66.249.73.8 - - [27/Feb/2013:01:46:35 -0500] "GET /robots.txt HTTP/1.1" 200 3269 www.citisenseproject.org "-" "Mozilla/5.0 (compatible; Googlebot/2.1; +http://www.google.com/bot.html)" "-"
66.249.73.8 - - [27/Feb/2013:01:46:36 -0500] "GET / HTTP/1.1" 200 3269 www.citisenseproject.org "-" "Mozilla/5.0 (compatible; Googlebot/2.1; +http://www.google.com/bot.html)" "-"
199.21.99.84 - - [27/Feb/2013:02:06:22 -0500] "GET /robots.txt HTTP/1.1" 200 3107 www.ecomaplive.com "-" "Mozilla/5.0 (compatible; YandexBot/3.0; +http://yandex.com/bots)" "-"
199.21.99.84 - - [27/Feb/2013:02:06:24 -0500] "GET / HTTP/1.1" 200 3107 www.ecomaplive.com "-" "Mozilla/5.0 (compatible; YandexBot/3.0; MirrorDetector; +http://yandex.com/bots)" "-"
199.21.99.84 - - [27/Feb/2013:02:06:26 -0500] "GET / HTTP/1.1" 200 2999 ecomaplive.com "-" "Mozilla/5.0 (compatible; YandexBot/3.0; MirrorDetector; +http://yandex.com/bots)" "-"
199.21.99.84 - - [27/Feb/2013:02:06:33 -0500] "GET / HTTP/1.1" 200 3107 www.ecomaplive.com "-" "Mozilla/5.0 (compatible; YandexBot/3.0; MirrorDetector; +http://yandex.com/bots)" "-"
199.21.99.84 - - [27/Feb/2013:02:06:35 -0500] "GET / HTTP/1.1" 200 2999 ecomaplive.com "-" "Mozilla/5.0 (compatible; YandexBot/3.0; MirrorDetector; +http://yandex.com/bots)" "-"
199.21.99.84 - - [27/Feb/2013:02:17:08 -0500] "GET / HTTP/1.1" 200 3161 citisenseproject.org "-" "Mozilla/5.0 (compatible; YandexBot/3.0; MirrorDetector; +http://yandex.com/bots)" "-"
199.21.99.84 - - [27/Feb/2013:02:17:10 -0500] "GET /robots.txt HTTP/1.1" 200 3269 www.citisenseproject.org "-" "Mozilla/5.0 (compatible; YandexBot/3.0; +http://yandex.com/bots)" "-"
199.21.99.84 - - [27/Feb/2013:02:17:12 -0500] "GET / HTTP/1.1" 200 3269 www.citisenseproject.org "-" "Mozilla/5.0 (compatible; YandexBot/3.0; MirrorDetector; +http://yandex.com/bots)" "-"
199.21.99.84 - - [27/Feb/2013:02:17:18 -0500] "GET / HTTP/1.1" 200 3161 citisenseproject.org "-" "Mozilla/5.0 (compatible; YandexBot/3.0; MirrorDetector; +http://yandex.com/bots)" "-"
199.21.99.84 - - [27/Feb/2013:02:17:22 -0500] "GET / HTTP/1.1" 200 3269 www.citisenseproject.org "-" "Mozilla/5.0 (compatible; YandexBot/3.0; MirrorDetector; +http://yandex.com/bots)" "-"
193.106.31.219 - - [27/Feb/2013:02:51:59 -0500] "GET / HTTP/1.1" 200 3161 citisenseproject.com "-" "Mozilla/5.0 (compatible; Googlebot/2.1; +http://www.google.com/bot.html)" "-"
208.115.113.92 - - [27/Feb/2013:03:25:46 -0500] "GET /robots.txt HTTP/1.1" 200 3161 citisenseproject.org "-" "Mozilla/5.0 (compatible; Ezooms/1.0; ezooms.bot@gmail.com)" "-"
199.21.99.84 - - [27/Feb/2013:03:37:43 -0500] "GET /demo HTTP/1.1" 200 5234 citisenseproject.com "-" "Mozilla/5.0 (compatible; YandexBot/3.0; +http://yandex.com/bots)" "-"
199.21.99.84 - - [27/Feb/2013:03:55:02 -0500] "GET /project/4 HTTP/1.1" 200 3099 citisenseproject.org "-" "Mozilla/5.0 (compatible; YandexBot/3.0; +http://yandex.com/bots)" "-"
180.76.5.16 - - [27/Feb/2013:04:52:18 -0500] "GET /demo/ HTTP/1.1" 200 5270 ecomaplive.com "-" "Mozilla/5.0 (compatible; Baiduspider/2.0; +http://www.baidu.com/search/spider.html)" "-"
208.115.113.92 - - [27/Feb/2013:05:02:32 -0500] "GET /about/ HTTP/1.1" 200 502 citisenseproject.org "-" "Mozilla/5.0 (compatible; Ezooms/1.0; ezooms.bot@gmail.com)" "-"
180.76.5.149 - - [27/Feb/2013:06:05:48 -0500] "GET /robots.txt HTTP/1.1" 200 3161 citisenseproject.com "-" "Mozilla/5.0 (Windows NT 5.1; rv:6.0.2) Gecko/20100101 Firefox/6.0.2" "-"
194.110.77.226 - - [27/Feb/2013:06:26:25 -0500] "GET / HTTP/1.1" 200 2999 ecomaplive.com "-" "Zend_Http_Client" "-"
199.21.99.84 - - [27/Feb/2013:06:31:44 -0500] "GET /robots.txt HTTP/1.1" 200 3161 citisenseproject.org "-" "Mozilla/5.0 (compatible; YandexBot/3.0; +http://yandex.com/bots)" "-"
199.21.99.84 - - [27/Feb/2013:06:59:26 -0500] "GET /robots.txt HTTP/1.1" 200 3161 citisenseproject.com "-" "Mozilla/5.0 (compatible; YandexBot/3.0; +http://yandex.com/bots)" "-"
199.21.99.84 - - [27/Feb/2013:07:42:05 -0500] "GET /demo/ HTTP/1.1" 200 5234 citisenseproject.com "-" "Mozilla/5.0 (compatible; YandexBot/3.0; +http://yandex.com/bots)" "-"
157.55.35.38 - - [27/Feb/2013:08:04:04 -0500] "GET /robots.txt HTTP/1.1" 200 512 www.ecomaplive.com "-" "Mozilla/5.0 (compatible; bingbot/2.0; +http://www.bing.com/bingbot.htm)" "-"
157.55.35.38 - - [27/Feb/2013:08:05:53 -0500] "GET / HTTP/1.1" 200 3107 www.ecomaplive.com "-" "Mozilla/5.0 (compatible; bingbot/2.0; +http://www.bing.com/bingbot.htm)" "-"
199.21.99.84 - - [27/Feb/2013:08:12:59 -0500] "GET /demo HTTP/1.1" 200 5234 citisenseproject.org "-" "Mozilla/5.0 (compatible; YandexBot/3.0; +http://yandex.com/bots)" "-"
199.21.99.84 - - [27/Feb/2013:08:28:16 -0500] "GET /demo/ HTTP/1.1" 200 5234 citisenseproject.org "-" "Mozilla/5.0 (compatible; YandexBot/3.0; +http://yandex.com/bots)" "-"
199.21.99.84 - - [27/Feb/2013:08:37:29 -0500] "GET /demo/ HTTP/1.1" 200 5382 www.ecomaplive.com "-" "Mozilla/5.0 (compatible; YandexBot/3.0; +http://yandex.com/bots)" "-"
199.21.99.84 - - [27/Feb/2013:08:37:36 -0500] "GET /about HTTP/1.1" 301 242 citisenseproject.org "-" "Mozilla/5.0 (compatible; YandexBot/3.0; +http://yandex.com/bots)" "-"
199.21.99.84 - - [27/Feb/2013:08:37:38 -0500] "GET /about/ HTTP/1.1" 200 502 citisenseproject.org "-" "Mozilla/5.0 (compatible; YandexBot/3.0; +http://yandex.com/bots)" "-"
180.76.5.111 - - [27/Feb/2013:08:50:51 -0500] "GET / HTTP/1.1" 200 3269 www.citisenseproject.com "-" "Mozilla/5.0 (compatible; Baiduspider/2.0; +http://www.baidu.com/search/spider.html)" "-"
180.76.5.99 - - [27/Feb/2013:08:51:13 -0500] "GET /register/ HTTP/1.1" 200 2972 www.citisenseproject.org "-" "Mozilla/5.0 (compatible; Baiduspider/2.0; +http://www.baidu.com/search/spider.html)" "-"
173.199.114.131 - - [27/Feb/2013:09:08:12 -0500] "GET /register HTTP/1.1" 200 2822 www.ecomaplive.com "-" "Mozilla/5.0 (compatible; AhrefsBot/4.0; +http://ahrefs.com/robot/)" "-"
173.199.114.131 - - [27/Feb/2013:09:24:27 -0500] "GET /tech/mobile.php HTTP/1.1" 200 492 ecomaplive.com "-" "Mozilla/5.0 (compatible; AhrefsBot/4.0; +http://ahrefs.com/robot/)" "-"
37.57.25.225 - - [27/Feb/2013:09:25:28 -0500] "GET /wp-login.php HTTP/1.0" 200 3269 www.citisenseproject.com "http://www.citisenseproject.com/wp-login.php" "Mozilla/4.0 (compatible; MSIE 6.0; Windows 98; Win 9x 4.90)" "-"
199.21.99.84 - - [27/Feb/2013:09:38:38 -0500] "GET /projects HTTP/1.1" 200 4079 citisenseproject.com "-" "Mozilla/5.0 (compatible; YandexBot/3.0; +http://yandex.com/bots)" "-"
199.21.99.84 - - [27/Feb/2013:09:39:37 -0500] "GET /robots.txt HTTP/1.1" 200 2999 ecomaplive.com "-" "Mozilla/5.0 (compatible; YandexBot/3.0; +http://yandex.com/bots)" "-"
199.21.99.84 - - [27/Feb/2013:09:39:39 -0500] "GET / HTTP/1.1" 200 3107 www.ecomaplive.com "-" "Mozilla/5.0 (compatible; YandexBot/3.0; MirrorDetector; +http://yandex.com/bots)" "-"
199.21.99.84 - - [27/Feb/2013:09:39:40 -0500] "GET / HTTP/1.1" 200 2999 ecomaplive.com "-" "Mozilla/5.0 (compatible; YandexBot/3.0; MirrorDetector; +http://yandex.com/bots)" "-"
199.21.99.84 - - [27/Feb/2013:09:39:42 -0500] "GET / HTTP/1.1" 200 3107 www.ecomaplive.com "-" "Mozilla/5.0 (compatible; YandexBot/3.0; MirrorDetector; +http://yandex.com/bots)" "-"
199.21.99.84 - - [27/Feb/2013:09:39:43 -0500] "GET / HTTP/1.1" 200 2999 ecomaplive.com "-" "Mozilla/5.0 (compatible; YandexBot/3.0; MirrorDetector; +http://yandex.com/bots)" "-"
199.21.99.84 - - [27/Feb/2013:09:40:52 -0500] "GET / HTTP/1.1" 200 3161 citisenseproject.org "-" "Mozilla/5.0 (compatible; YandexBot/3.0; MirrorDetector; +http://yandex.com/bots)" "-"
199.21.99.84 - - [27/Feb/2013:09:40:52 -0500] "GET / HTTP/1.1" 200 3269 www.citisenseproject.org "-" "Mozilla/5.0 (compatible; YandexBot/3.0; MirrorDetector; +http://yandex.com/bots)" "-"
199.21.99.84 - - [27/Feb/2013:09:40:56 -0500] "GET / HTTP/1.1" 200 3161 citisenseproject.org "-" "Mozilla/5.0 (compatible; YandexBot/3.0; MirrorDetector; +http://yandex.com/bots)" "-"
199.21.99.84 - - [27/Feb/2013:09:40:56 -0500] "GET / HTTP/1.1" 200 3269 www.citisenseproject.org "-" "Mozilla/5.0 (compatible; YandexBot/3.0; MirrorDetector; +http://yandex.com/bots)" "-"
173.199.114.131 - - [27/Feb/2013:10:02:05 -0500] "GET /register/ HTTP/1.1" 200 2822 www.ecomaplive.com "-" "Mozilla/5.0 (compatible; AhrefsBot/4.0; +http://ahrefs.com/robot/)" "-"
180.76.6.16 - - [27/Feb/2013:10:29:24 -0500] "GET /home HTTP/1.1" 200 2999 ecomaplive.com "-" "Mozilla/5.0 (compatible; Baiduspider/2.0; +http://www.baidu.com/search/spider.html)" "-"
180.76.5.161 - - [27/Feb/2013:10:32:48 -0500] "GET / HTTP/1.1" 200 2999 ecomaplive.com "-" "Mozilla/5.0 (compatible; Baiduspider/2.0; +http://www.baidu.com/search/spider.html)" "-"
173.199.114.131 - - [27/Feb/2013:10:51:21 -0500] "GET /project/27 HTTP/1.1" 200 2742 ecomaplive.com "-" "Mozilla/5.0 (compatible; AhrefsBot/4.0; +http://ahrefs.com/robot/)" "-"
1.202.218.99 - - [27/Feb/2013:11:28:11 -0500] "HEAD / HTTP/1.1" 200 - www.ecomaplive.com "-" "Mozilla/5.0 (compatible; JikeSpider; +http://shoulu.jike.com/spider.html)" "-"
1.202.218.98 - - [27/Feb/2013:11:28:12 -0500] "GET / HTTP/1.1" 200 3107 www.ecomaplive.com "-" "Mozilla/5.0 (compatible; JikeSpider; +http://shoulu.jike.com/spider.html)" "-"
173.199.114.131 - - [27/Feb/2013:11:31:50 -0500] "GET /map/35 HTTP/1.1" 200 4698 ecomaplive.com "-" "Mozilla/5.0 (compatible; AhrefsBot/4.0; +http://ahrefs.com/robot/)" "-"
180.76.5.26 - - [27/Feb/2013:11:45:37 -0500] "GET /about/ HTTP/1.1" 200 502 citisenseproject.org "-" "Mozilla/5.0 (compatible; Baiduspider/2.0; +http://www.baidu.com/search/spider.html)" "-"
123.125.71.88 - - [27/Feb/2013:11:54:00 -0500] "GET /robots.txt HTTP/1.1" 200 3161 citisenseproject.com "-" "Mozilla/5.0 (Windows NT 5.1; rv:6.0.2) Gecko/20100101 Firefox/6.0.2" "-"
208.115.111.72 - - [27/Feb/2013:11:59:39 -0500] "GET /robots.txt HTTP/1.1" 200 3107 www.ecomaplive.com "-" "Mozilla/5.0 (compatible; Ezooms/1.0; ezooms.bot@gmail.com)" "-"
208.115.111.72 - - [27/Feb/2013:12:46:58 -0500] "GET /register HTTP/1.1" 200 2822 www.ecomaplive.com "-" "Mozilla/5.0 (compatible; Ezooms/1.0; ezooms.bot@gmail.com)" "-"
157.55.35.38 - - [27/Feb/2013:13:21:05 -0500] "GET /robots.txt HTTP/1.1" 200 2999 ecomaplive.com "-" "Mozilla/5.0 (compatible; bingbot/2.0; +http://www.bing.com/bingbot.htm)" "-"
157.55.35.38 - - [27/Feb/2013:13:22:54 -0500] "GET / HTTP/1.1" 200 2999 ecomaplive.com "-" "Mozilla/5.0 (compatible; bingbot/2.0; +http://www.bing.com/bingbot.htm)" "-"
1.202.218.26 - - [27/Feb/2013:13:56:59 -0500] "GET /robots.txt HTTP/1.1" 200 2999 ecomaplive.com "-" "Mozilla/5.0 ()" "-"
1.202.218.26 - - [27/Feb/2013:13:57:00 -0500] "HEAD /images/grassbanner1.jpg HTTP/1.1" 200 - ecomaplive.com "-" "Mozilla/5.0 (compatible; JikeSpider; +http://shoulu.jike.com/spider.html)" "-"
1.202.218.26 - - [27/Feb/2013:13:57:00 -0500] "GET /images/grassbanner1.jpg HTTP/1.1" 200 21459 ecomaplive.com "http://image.jike.com/" "Mozilla/5.0 (compatible; JikeSpider; +http://shoulu.jike.com/spider.html)" "-"
199.21.99.84 - - [27/Feb/2013:14:12:50 -0500] "GET /robots.txt HTTP/1.1" 200 3107 www.ecomaplive.com "-" "Mozilla/5.0 (compatible; YandexBot/3.0; +http://yandex.com/bots)" "-"
66.249.73.66 - - [27/Feb/2013:14:31:20 -0500] "GET /robots.txt HTTP/1.1" 200 3107 www.ecomaplive.com "-" "Mozilla/5.0 (compatible; Googlebot/2.1; +http://www.google.com/bot.html)" "-"
66.249.73.66 - - [27/Feb/2013:14:31:20 -0500] "GET /projects HTTP/1.1" 200 3997 www.ecomaplive.com "-" "Mozilla/5.0 (compatible; Googlebot/2.1; +http://www.google.com/bot.html)" "-"
66.249.73.60 - - [27/Feb/2013:14:39:06 -0500] "GET /robots.txt HTTP/1.1" 200 2999 ecomaplive.com "-" "Mozilla/5.0 (compatible; Googlebot/2.1; +http://www.google.com/bot.html)" "-"
66.249.73.60 - - [27/Feb/2013:14:39:07 -0500] "GET / HTTP/1.1" 200 2999 ecomaplive.com "-" "SAMSUNG-SGH-E250/1.0 Profile/MIDP-2.0 Configuration/CLDC-1.1 UP.Browser/6.2.3.3.c.1.101 (GUI) MMP/2.0 (compatible; Googlebot-Mobile/2.1; +http://www.google.com/bot.html)" "-"
180.76.5.181 - - [27/Feb/2013:14:49:55 -0500] "GET /projects HTTP/1.1" 200 4243 www.citisenseproject.org "-" "Mozilla/5.0 (compatible; Baiduspider/2.0; +http://www.baidu.com/search/spider.html)" "-"
173.199.114.131 - - [27/Feb/2013:15:03:23 -0500] "GET /sponsors/ HTTP/1.1" 200 504 www.ecomaplive.com "-" "Mozilla/5.0 (compatible; AhrefsBot/4.0; +http://ahrefs.com/robot/)" "-"
199.21.99.84 - - [27/Feb/2013:15:13:32 -0500] "GET /tech/intro.php HTTP/1.1" 200 495 www.ecomaplive.com "-" "Mozilla/5.0 (compatible; YandexBot/3.0; +http://yandex.com/bots)" "-"
180.76.5.26 - - [27/Feb/2013:15:18:55 -0500] "GET /project/25 HTTP/1.1" 200 2815 www.ecomaplive.com "-" "Mozilla/5.0 (compatible; Baiduspider/2.0; +http://www.baidu.com/search/spider.html)" "-"
157.56.93.191 - - [27/Feb/2013:16:34:49 -0500] "GET /robots.txt HTTP/1.1" 200 3161 citisenseproject.org "-" "Mozilla/5.0 (compatible; bingbot/2.0; +http://www.bing.com/bingbot.htm)" "-"
157.56.93.191 - - [27/Feb/2013:16:36:59 -0500] "GET /tech/server.php HTTP/1.1" 200 498 citisenseproject.org "-" "Mozilla/5.0 (compatible; bingbot/2.0; +http://www.bing.com/bingbot.htm)" "-"
173.199.114.131 - - [27/Feb/2013:16:47:38 -0500] "GET /project/26 HTTP/1.1" 200 3072 www.ecomaplive.com "-" "Mozilla/5.0 (compatible; AhrefsBot/4.0; +http://ahrefs.com/robot/)" "-"
180.76.6.29 - - [27/Feb/2013:17:12:49 -0500] "GET /robots.txt HTTP/1.1" 200 2999 ecomaplive.com "-" "Mozilla/5.0 (Windows NT 5.1; rv:6.0.2) Gecko/20100101 Firefox/6.0.2" "-"
180.76.6.225 - - [27/Feb/2013:17:12:49 -0500] "GET /robots.txt HTTP/1.1" 200 3161 citisenseproject.org "-" "Mozilla/5.0 (Windows NT 5.1; rv:6.0.2) Gecko/20100101 Firefox/6.0.2" "-"
173.199.114.131 - - [27/Feb/2013:17:14:05 -0500] "GET /getinvolved/students.php HTTP/1.1" 200 506 ecomaplive.com "-" "Mozilla/5.0 (compatible; AhrefsBot/4.0; +http://ahrefs.com/robot/)" "-"
199.21.99.84 - - [27/Feb/2013:17:33:13 -0500] "GET /resources/bannerresources.jpg HTTP/1.1" 304 - ecomaplive.com "-" "Mozilla/5.0 (compatible; YandexImages/3.0; +http://yandex.com/bots)" "-"
180.76.6.225 - - [27/Feb/2013:17:43:55 -0500] "GET /resources/ HTTP/1.1" 200 508 citisenseproject.com "-" "Mozilla/5.0 (compatible; Baiduspider/2.0; +http://www.baidu.com/search/spider.html)" "-"
119.63.193.131 - - [27/Feb/2013:17:58:41 -0500] "GET / HTTP/1.1" 200 3269 www.citisenseproject.com "-" "Mozilla/4.0 (compatible; MSIE 7.0; Windows NT 6.0)" "-"
157.55.32.111 - - [27/Feb/2013:19:21:03 -0500] "GET /robots.txt HTTP/1.1" 200 3269 www.citisenseproject.org "-" "Mozilla/5.0 (compatible; bingbot/2.0; +http://www.bing.com/bingbot.htm)" "-"
157.55.32.111 - - [27/Feb/2013:19:22:52 -0500] "GET / HTTP/1.1" 200 3269 www.citisenseproject.org "-" "Mozilla/5.0 (compatible; bingbot/2.0; +http://www.bing.com/bingbot.htm)" "-"
157.55.32.111 - - [27/Feb/2013:19:22:54 -0500] "GET /demo HTTP/1.1" 200 5346 www.citisenseproject.org "-" "Mozilla/5.0 (compatible; bingbot/2.0; +http://www.bing.com/bingbot.htm)" "-"
199.21.99.84 - - [27/Feb/2013:19:29:11 -0500] "GET /robots.txt HTTP/1.1" 200 3269 www.citisenseproject.org "-" "Mozilla/5.0 (compatible; YandexBot/3.0; +http://yandex.com/bots)" "-"
173.199.114.131 - - [27/Feb/2013:19:34:59 -0500] "GET /demo HTTP/1.1" 200 5270 ecomaplive.com "-" "Mozilla/5.0 (compatible; AhrefsBot/4.0; +http://ahrefs.com/robot/)" "-"
157.55.35.38 - - [27/Feb/2013:19:41:56 -0500] "GET /robots.txt HTTP/1.1" 200 3107 www.ecomaplive.com "-" "Mozilla/5.0 (compatible; bingbot/2.0; +http://www.bing.com/bingbot.htm)" "-"
157.55.35.38 - - [27/Feb/2013:19:43:54 -0500] "GET / HTTP/1.1" 200 3107 www.ecomaplive.com "-" "Mozilla/5.0 (compatible; bingbot/2.0; +http://www.bing.com/bingbot.htm)" "-"
208.115.111.72 - - [27/Feb/2013:19:52:40 -0500] "GET /robots.txt HTTP/1.1" 200 2999 ecomaplive.com "-" "Mozilla/5.0 (compatible; Ezooms/1.0; ezooms.bot@gmail.com)" "-"
99.37.66.149 - - [27/Feb/2013:19:56:55 -0500] "GET / HTTP/1.1" 200 2999 ecomaplive.com "http://www.media.mit.edu/research/groups/changing-places" "Mozilla/5.0 (compatible; MSIE 9.0; Windows NT 6.0; WOW64; Trident/5.0)" "-"
99.37.66.149 - - [27/Feb/2013:19:56:55 -0500] "GET /images/ecostyle.css HTTP/1.1" 200 4621 ecomaplive.com "http://ecomaplive.com/" "Mozilla/5.0 (compatible; MSIE 9.0; Windows NT 6.0; WOW64; Trident/5.0)" "-"
99.37.66.149 - - [27/Feb/2013:19:56:56 -0500] "GET /images/script.js HTTP/1.1" 200 72 ecomaplive.com "http://ecomaplive.com/" "Mozilla/5.0 (compatible; MSIE 9.0; Windows NT 6.0; WOW64; Trident/5.0)" "-"
99.37.66.149 - - [27/Feb/2013:19:56:56 -0500] "GET /images/grassbanner1.jpg HTTP/1.1" 200 21459 ecomaplive.com "http://ecomaplive.com/" "Mozilla/5.0 (compatible; MSIE 9.0; Windows NT 6.0; WOW64; Trident/5.0)" "-"
99.37.66.149 - - [27/Feb/2013:19:56:57 -0500] "GET /favicon.ico HTTP/1.1" 200 2999 ecomaplive.com "-" "Mozilla/5.0 (compatible; MSIE 9.0; Windows NT 6.0; WOW64; Trident/5.0)" "-"
99.37.66.149 - - [27/Feb/2013:19:57:05 -0500] "GET /about/team.php HTTP/1.1" 200 2172 ecomaplive.com "http://ecomaplive.com/" "Mozilla/5.0 (compatible; MSIE 9.0; Windows NT 6.0; WOW64; Trident/5.0)" "-"
99.37.66.149 - - [27/Feb/2013:19:57:05 -0500] "GET /favicon.ico HTTP/1.1" 200 2999 ecomaplive.com "-" "Mozilla/5.0 (compatible; MSIE 9.0; Windows NT 6.0; WOW64; Trident/5.0)" "-"
173.199.114.131 - - [27/Feb/2013:20:03:00 -0500] "GET /project/18 HTTP/1.1" 200 2743 ecomaplive.com "-" "Mozilla/5.0 (compatible; AhrefsBot/4.0; +http://ahrefs.com/robot/)" "-"
99.37.66.149 - - [27/Feb/2013:20:04:22 -0500] "GET /about HTTP/1.1" 301 236 ecomaplive.com "http://ecomaplive.com/about/team.php" "Mozilla/5.0 (compatible; MSIE 9.0; Windows NT 6.0; WOW64; Trident/5.0)" "-"
99.37.66.149 - - [27/Feb/2013:20:04:22 -0500] "GET /about/ HTTP/1.1" 200 2076 ecomaplive.com "http://ecomaplive.com/about/team.php" "Mozilla/5.0 (compatible; MSIE 9.0; Windows NT 6.0; WOW64; Trident/5.0)" "-"
99.37.66.149 - - [27/Feb/2013:20:04:25 -0500] "GET /about/team.php HTTP/1.1" 200 2172 ecomaplive.com "http://ecomaplive.com/about/" "Mozilla/5.0 (compatible; MSIE 9.0; Windows NT 6.0; WOW64; Trident/5.0)" "-"
99.37.66.149 - - [27/Feb/2013:20:04:31 -0500] "GET /about/ HTTP/1.1" 200 2076 ecomaplive.com "http://ecomaplive.com/about/team.php" "Mozilla/5.0 (compatible; MSIE 9.0; Windows NT 6.0; WOW64; Trident/5.0)" "-"
99.37.66.149 - - [27/Feb/2013:20:04:33 -0500] "GET /about/vision.php HTTP/1.1" 200 1950 ecomaplive.com "http://ecomaplive.com/about/" "Mozilla/5.0 (compatible; MSIE 9.0; Windows NT 6.0; WOW64; Trident/5.0)" "-"
99.37.66.149 - - [27/Feb/2013:20:04:37 -0500] "GET /projects HTTP/1.1" 200 3833 ecomaplive.com "http://ecomaplive.com/about/vision.php" "Mozilla/5.0 (compatible; MSIE 9.0; Windows NT 6.0; WOW64; Trident/5.0)" "-"
99.37.66.149 - - [27/Feb/2013:20:04:37 -0500] "GET /images/projectsphotos.jpg HTTP/1.1" 200 73728 ecomaplive.com "http://ecomaplive.com/projects" "Mozilla/5.0 (compatible; MSIE 9.0; Windows NT 6.0; WOW64; Trident/5.0)" "-"
199.21.99.84 - - [27/Feb/2013:20:23:29 -0500] "GET /robots.txt HTTP/1.1" 200 3161 citisenseproject.com "-" "Mozilla/5.0 (compatible; YandexBot/3.0; +http://yandex.com/bots)" "-"
173.199.114.131 - - [27/Feb/2013:20:24:27 -0500] "GET /tech/sensors.php HTTP/1.1" 200 492 ecomaplive.com "-" "Mozilla/5.0 (compatible; AhrefsBot/4.0; +http://ahrefs.com/robot/)" "-"
173.199.114.131 - - [27/Feb/2013:20:40:23 -0500] "GET /project/5 HTTP/1.1" 200 2774 ecomaplive.com "-" "Mozilla/5.0 (compatible; AhrefsBot/4.0; +http://ahrefs.com/robot/)" "-"
18.231.1.108 - - [27/Feb/2013:20:41:06 -0500] "GET / HTTP/1.1" 200 2999 ecomaplive.com "-" "Mozilla/5.0 (Macintosh; Intel Mac OS X 10_8_2) AppleWebKit/537.22 (KHTML, like Gecko) Chrome/25.0.1364.99 Safari/537.22" "-"
18.231.1.108 - - [27/Feb/2013:20:41:06 -0500] "GET /images/ecostyle.css HTTP/1.1" 200 4621 ecomaplive.com "http://ecomaplive.com/" "Mozilla/5.0 (Macintosh; Intel Mac OS X 10_8_2) AppleWebKit/537.22 (KHTML, like Gecko) Chrome/25.0.1364.99 Safari/537.22" "-"
18.231.1.108 - - [27/Feb/2013:20:41:06 -0500] "GET /images/script.js HTTP/1.1" 200 72 ecomaplive.com "http://ecomaplive.com/" "Mozilla/5.0 (Macintosh; Intel Mac OS X 10_8_2) AppleWebKit/537.22 (KHTML, like Gecko) Chrome/25.0.1364.99 Safari/537.22" "-"
18.231.1.108 - - [27/Feb/2013:20:41:06 -0500] "GET /images/grassbanner1.jpg HTTP/1.1" 200 21459 ecomaplive.com "http://ecomaplive.com/" "Mozilla/5.0 (Macintosh; Intel Mac OS X 10_8_2) AppleWebKit/537.22 (KHTML, like Gecko) Chrome/25.0.1364.99 Safari/537.22" "-"
18.231.1.108 - - [27/Feb/2013:20:41:07 -0500] "GET /favicon.ico HTTP/1.1" 200 2999 ecomaplive.com "-" "Mozilla/5.0 (Macintosh; Intel Mac OS X 10_8_2) AppleWebKit/537.22 (KHTML, like Gecko) Chrome/25.0.1364.99 Safari/537.22" "-"
18.231.1.108 - - [27/Feb/2013:20:41:07 -0500] "GET /favicon.ico HTTP/1.1" 200 2999 ecomaplive.com "-" "Mozilla/5.0 (Macintosh; Intel Mac OS X 10_8_2) AppleWebKit/537.22 (KHTML, like Gecko) Chrome/25.0.1364.99 Safari/537.22" "-"
18.231.1.108 - - [27/Feb/2013:20:41:07 -0500] "GET /favicon.ico HTTP/1.1" 200 2999 ecomaplive.com "-" "Mozilla/5.0 (Macintosh; Intel Mac OS X 10_8_2) AppleWebKit/537.22 (KHTML, like Gecko) Chrome/25.0.1364.99 Safari/537.22" "-"
180.76.5.23 - - [27/Feb/2013:20:49:36 -0500] "GET /demo HTTP/1.1" 200 5234 citisenseproject.org "-" "Mozilla/5.0 (compatible; Baiduspider/2.0; +http://www.baidu.com/search/spider.html)" "-"
18.231.1.108 - - [27/Feb/2013:20:54:11 -0500] "GET / HTTP/1.1" 200 2999 ecomaplive.com "-" "Mozilla/5.0 (Macintosh; Intel Mac OS X 10_8_2) AppleWebKit/537.22 (KHTML, like Gecko) Chrome/25.0.1364.99 Safari/537.22" "-"
18.231.1.108 - - [27/Feb/2013:20:54:12 -0500] "GET /favicon.ico HTTP/1.1" 200 2999 ecomaplive.com "-" "Mozilla/5.0 (Macintosh; Intel Mac OS X 10_8_2) AppleWebKit/537.22 (KHTML, like Gecko) Chrome/25.0.1364.99 Safari/537.22" "-"
18.231.1.108 - - [27/Feb/2013:20:54:12 -0500] "GET /favicon.ico HTTP/1.1" 200 2999 ecomaplive.com "-" "Mozilla/5.0 (Macintosh; Intel Mac OS X 10_8_2) AppleWebKit/537.22 (KHTML, like Gecko) Chrome/25.0.1364.99 Safari/537.22" "-"
18.231.1.108 - - [27/Feb/2013:20:54:12 -0500] "GET /favicon.ico HTTP/1.1" 200 2999 ecomaplive.com "-" "Mozilla/5.0 (Macintosh; Intel Mac OS X 10_8_2) AppleWebKit/537.22 (KHTML, like Gecko) Chrome/25.0.1364.99 Safari/537.22" "-"
18.231.1.108 - - [27/Feb/2013:21:01:42 -0500] "GET /index.php HTTP/1.1" 200 2999 ecomaplive.com "-" "Mozilla/5.0 (Macintosh; Intel Mac OS X 10_8_2) AppleWebKit/537.22 (KHTML, like Gecko) Chrome/25.0.1364.99 Safari/537.22" "-"
18.231.1.108 - - [27/Feb/2013:21:01:43 -0500] "GET /favicon.ico HTTP/1.1" 200 2999 ecomaplive.com "-" "Mozilla/5.0 (Macintosh; Intel Mac OS X 10_8_2) AppleWebKit/537.22 (KHTML, like Gecko) Chrome/25.0.1364.99 Safari/537.22" "-"
18.231.1.108 - - [27/Feb/2013:21:01:43 -0500] "GET /favicon.ico HTTP/1.1" 200 2999 ecomaplive.com "-" "Mozilla/5.0 (Macintosh; Intel Mac OS X 10_8_2) AppleWebKit/537.22 (KHTML, like Gecko) Chrome/25.0.1364.99 Safari/537.22" "-"
18.231.1.108 - - [27/Feb/2013:21:01:43 -0500] "GET /favicon.ico HTTP/1.1" 200 2999 ecomaplive.com "-" "Mozilla/5.0 (Macintosh; Intel Mac OS X 10_8_2) AppleWebKit/537.22 (KHTML, like Gecko) Chrome/25.0.1364.99 Safari/537.22" "-"
18.231.1.108 - - [27/Feb/2013:21:01:53 -0500] "GET /nothinghere HTTP/1.1" 200 2999 ecomaplive.com "-" "Mozilla/5.0 (Macintosh; Intel Mac OS X 10_8_2) AppleWebKit/537.22 (KHTML, like Gecko) Chrome/25.0.1364.99 Safari/537.22" "-"
18.231.1.108 - - [27/Feb/2013:21:01:54 -0500] "GET /favicon.ico HTTP/1.1" 200 2999 ecomaplive.com "-" "Mozilla/5.0 (Macintosh; Intel Mac OS X 10_8_2) AppleWebKit/537.22 (KHTML, like Gecko) Chrome/25.0.1364.99 Safari/537.22" "-"
18.231.1.108 - - [27/Feb/2013:21:01:54 -0500] "GET /favicon.ico HTTP/1.1" 200 2999 ecomaplive.com "-" "Mozilla/5.0 (Macintosh; Intel Mac OS X 10_8_2) AppleWebKit/537.22 (KHTML, like Gecko) Chrome/25.0.1364.99 Safari/537.22" "-"
18.231.1.108 - - [27/Feb/2013:21:01:54 -0500] "GET /favicon.ico HTTP/1.1" 200 2999 ecomaplive.com "-" "Mozilla/5.0 (Macintosh; Intel Mac OS X 10_8_2) AppleWebKit/537.22 (KHTML, like Gecko) Chrome/25.0.1364.99 Safari/537.22" "-"
18.231.1.108 - - [27/Feb/2013:21:01:58 -0500] "GET /sdlfjalsdkjflaskjflask HTTP/1.1" 200 2999 ecomaplive.com "-" "Mozilla/5.0 (Macintosh; Intel Mac OS X 10_8_2) AppleWebKit/537.22 (KHTML, like Gecko) Chrome/25.0.1364.99 Safari/537.22" "-"
18.231.1.108 - - [27/Feb/2013:21:01:58 -0500] "GET /favicon.ico HTTP/1.1" 200 2999 ecomaplive.com "-" "Mozilla/5.0 (Macintosh; Intel Mac OS X 10_8_2) AppleWebKit/537.22 (KHTML, like Gecko) Chrome/25.0.1364.99 Safari/537.22" "-"
18.231.1.108 - - [27/Feb/2013:21:01:58 -0500] "GET /favicon.ico HTTP/1.1" 200 2999 ecomaplive.com "-" "Mozilla/5.0 (Macintosh; Intel Mac OS X 10_8_2) AppleWebKit/537.22 (KHTML, like Gecko) Chrome/25.0.1364.99 Safari/537.22" "-"
18.231.1.108 - - [27/Feb/2013:21:01:58 -0500] "GET /favicon.ico HTTP/1.1" 200 2999 ecomaplive.com "-" "Mozilla/5.0 (Macintosh; Intel Mac OS X 10_8_2) AppleWebKit/537.22 (KHTML, like Gecko) Chrome/25.0.1364.99 Safari/537.22" "-"
18.231.1.108 - - [27/Feb/2013:21:02:04 -0500] "GET /home HTTP/1.1" 200 2999 ecomaplive.com "http://ecomaplive.com/sdlfjalsdkjflaskjflask" "Mozilla/5.0 (Macintosh; Intel Mac OS X 10_8_2) AppleWebKit/537.22 (KHTML, like Gecko) Chrome/25.0.1364.99 Safari/537.22" "-"
18.231.1.108 - - [27/Feb/2013:21:02:06 -0500] "GET /favicon.ico HTTP/1.1" 200 2999 ecomaplive.com "-" "Mozilla/5.0 (Macintosh; Intel Mac OS X 10_8_2) AppleWebKit/537.22 (KHTML, like Gecko) Chrome/25.0.1364.99 Safari/537.22" "-"
18.231.1.108 - - [27/Feb/2013:21:02:06 -0500] "GET /favicon.ico HTTP/1.1" 200 2999 ecomaplive.com "-" "Mozilla/5.0 (Macintosh; Intel Mac OS X 10_8_2) AppleWebKit/537.22 (KHTML, like Gecko) Chrome/25.0.1364.99 Safari/537.22" "-"
18.231.1.108 - - [27/Feb/2013:21:02:06 -0500] "GET /favicon.ico HTTP/1.1" 200 2999 ecomaplive.com "-" "Mozilla/5.0 (Macintosh; Intel Mac OS X 10_8_2) AppleWebKit/537.22 (KHTML, like Gecko) Chrome/25.0.1364.99 Safari/537.22" "-"
18.231.1.108 - - [27/Feb/2013:21:02:07 -0500] "GET /login HTTP/1.1" 200 2738 ecomaplive.com "http://ecomaplive.com/home" "Mozilla/5.0 (Macintosh; Intel Mac OS X 10_8_2) AppleWebKit/537.22 (KHTML, like Gecko) Chrome/25.0.1364.99 Safari/537.22" "-"
18.231.1.108 - - [27/Feb/2013:21:02:07 -0500] "GET /favicon.ico HTTP/1.1" 200 2999 ecomaplive.com "-" "Mozilla/5.0 (Macintosh; Intel Mac OS X 10_8_2) AppleWebKit/537.22 (KHTML, like Gecko) Chrome/25.0.1364.99 Safari/537.22" "-"
18.231.1.108 - - [27/Feb/2013:21:02:09 -0500] "GET /demo HTTP/1.1" 200 5270 ecomaplive.com "http://ecomaplive.com/login" "Mozilla/5.0 (Macintosh; Intel Mac OS X 10_8_2) AppleWebKit/537.22 (KHTML, like Gecko) Chrome/25.0.1364.99 Safari/537.22" "-"
18.231.1.108 - - [27/Feb/2013:21:02:09 -0500] "GET /images/circles.js HTTP/1.1" 200 14563 ecomaplive.com "http://ecomaplive.com/demo" "Mozilla/5.0 (Macintosh; Intel Mac OS X 10_8_2) AppleWebKit/537.22 (KHTML, like Gecko) Chrome/25.0.1364.99 Safari/537.22" "-"
18.231.1.108 - - [27/Feb/2013:21:02:10 -0500] "GET /favicon.ico HTTP/1.1" 200 2999 ecomaplive.com "-" "Mozilla/5.0 (Macintosh; Intel Mac OS X 10_8_2) AppleWebKit/537.22 (KHTML, like Gecko) Chrome/25.0.1364.99 Safari/537.22" "-"
208.115.111.72 - - [27/Feb/2013:21:03:15 -0500] "GET /sponsors/ HTTP/1.1" 200 500 ecomaplive.com "-" "Mozilla/5.0 (compatible; Ezooms/1.0; ezooms.bot@gmail.com)" "-"
18.231.1.108 - - [27/Feb/2013:21:04:17 -0500] "GET /login HTTP/1.1" 200 2738 ecomaplive.com "http://ecomaplive.com/demo" "Mozilla/5.0 (Macintosh; Intel Mac OS X 10_8_2) AppleWebKit/537.22 (KHTML, like Gecko) Chrome/25.0.1364.99 Safari/537.22" "-"
18.231.1.108 - - [27/Feb/2013:21:04:17 -0500] "GET /favicon.ico HTTP/1.1" 200 2999 ecomaplive.com "-" "Mozilla/5.0 (Macintosh; Intel Mac OS X 10_8_2) AppleWebKit/537.22 (KHTML, like Gecko) Chrome/25.0.1364.99 Safari/537.22" "-"
18.231.1.108 - - [27/Feb/2013:21:06:34 -0500] "GET /login HTTP/1.1" 200 2738 ecomaplive.com "http://ecomaplive.com/demo" "Mozilla/5.0 (Macintosh; Intel Mac OS X 10_8_2) AppleWebKit/537.22 (KHTML, like Gecko) Chrome/25.0.1364.99 Safari/537.22" "-"
18.231.1.108 - - [27/Feb/2013:21:06:34 -0500] "GET /favicon.ico HTTP/1.1" 200 2999 ecomaplive.com "-" "Mozilla/5.0 (Macintosh; Intel Mac OS X 10_8_2) AppleWebKit/537.22 (KHTML, like Gecko) Chrome/25.0.1364.99 Safari/537.22" "-"
18.231.1.108 - - [27/Feb/2013:21:09:13 -0500] "GET /register HTTP/1.1" 200 2722 ecomaplive.com "http://ecomaplive.com/login" "Mozilla/5.0 (Macintosh; Intel Mac OS X 10_8_2) AppleWebKit/537.22 (KHTML, like Gecko) Chrome/25.0.1364.99 Safari/537.22" "-"
18.231.1.108 - - [27/Feb/2013:21:09:14 -0500] "GET /favicon.ico HTTP/1.1" 200 2999 ecomaplive.com "-" "Mozilla/5.0 (Macintosh; Intel Mac OS X 10_8_2) AppleWebKit/537.22 (KHTML, like Gecko) Chrome/25.0.1364.99 Safari/537.22" "-"
173.199.114.131 - - [27/Feb/2013:21:42:53 -0500] "GET / HTTP/1.1" 200 3107 www.ecomaplive.com "-" "Mozilla/5.0 (compatible; AhrefsBot/4.0; +http://ahrefs.com/robot/)" "-"
119.63.193.130 - - [27/Feb/2013:22:00:33 -0500] "GET / HTTP/1.1" 200 2999 ecomaplive.com "-" "Mozilla/4.0 (compatible; MSIE 7.0; Windows NT 6.0)" "-"
123.125.71.38 - - [27/Feb/2013:22:02:10 -0500] "GET /getinvolved/developers.php HTTP/1.1" 200 512 citisenseproject.org "-" "Mozilla/5.0 (compatible; Baiduspider/2.0; +http://www.baidu.com/search/spider.html)" "-"
